// Jest Snapshot v1, https://goo.gl/fbAQLP

exports[`<SimpleComponent /> matches the snapshot 1`] = `
<div>
  <h1>
    Hello there!
  </h1>
  <h2>
    Welcome!
  </h2>
  <p>
    First Name: 
  </p>
  <p>
    Last Name: 
  </p>
  <p>
    Favorite Food: 
  </p>
</div>
`;
